Refresh run at Wed Apr 16 10:37:23 UTC 2025
Refresh run at Thu Apr 17 03:34:22 UTC 2025
Refresh run at Fri Apr 18 03:32:08 UTC 2025
Refresh run at Sat Apr 19 03:29:09 UTC 2025
Refresh run at Sun Apr 20 03:36:32 UTC 2025
Refresh run at Mon Apr 21 03:41:04 UTC 2025
Refresh run at Tue Apr 22 03:35:22 UTC 2025
Refresh run at Wed Apr 23 03:35:03 UTC 2025
Refresh run at Thu Apr 24 03:36:49 UTC 2025
Refresh run at Fri Apr 25 03:36:12 UTC 2025
Refresh run at Sat Apr 26 03:30:54 UTC 2025
Refresh run at Sun Apr 27 03:36:59 UTC 2025
Refresh run at Mon Apr 28 03:40:07 UTC 2025
Refresh run at Tue Apr 29 03:36:33 UTC 2025
Refresh run at Wed Apr 30 03:36:39 UTC 2025
Refresh run at Thu May  1 03:44:23 UTC 2025
Refresh run at Fri May  2 03:39:24 UTC 2025
Refresh run at Sat May  3 03:35:03 UTC 2025
Refresh run at Sun May  4 03:42:56 UTC 2025
Refresh run at Mon May  5 03:41:29 UTC 2025
Refresh run at Tue May  6 03:38:39 UTC 2025
Refresh run at Wed May  7 03:40:03 UTC 2025
Refresh run at Thu May  8 03:41:01 UTC 2025
Refresh run at Fri May  9 03:40:00 UTC 2025
Refresh run at Sat May 10 03:35:46 UTC 2025
Refresh run at Sun May 11 03:41:21 UTC 2025
Refresh run at Mon May 12 03:42:33 UTC 2025
Refresh run at Tue May 13 03:41:23 UTC 2025
Refresh run at Wed May 14 03:40:28 UTC 2025
Refresh run at Thu May 15 03:40:59 UTC 2025
Refresh run at Fri May 16 03:41:46 UTC 2025
Refresh run at Sat May 17 03:37:32 UTC 2025
Refresh run at Sun May 18 03:43:51 UTC 2025
Refresh run at Mon May 19 03:46:44 UTC 2025
Refresh run at Tue May 20 03:41:31 UTC 2025
Refresh run at Wed May 21 03:41:16 UTC 2025
Refresh run at Thu May 22 03:41:28 UTC 2025
Refresh run at Fri May 23 03:41:02 UTC 2025
Refresh run at Sat May 24 03:36:51 UTC 2025
Refresh run at Sun May 25 03:46:22 UTC 2025
Refresh run at Mon May 26 03:44:46 UTC 2025
Refresh run at Tue May 27 03:42:43 UTC 2025
Refresh run at Wed May 28 03:42:33 UTC 2025
Refresh run at Thu May 29 03:43:33 UTC 2025
Refresh run at Fri May 30 03:42:06 UTC 2025
Refresh run at Sat May 31 03:40:07 UTC 2025
Refresh run at Sun Jun  1 03:57:47 UTC 2025
Refresh run at Mon Jun  2 03:50:38 UTC 2025
Refresh run at Tue Jun  3 03:45:16 UTC 2025
Refresh run at Wed Jun  4 03:45:57 UTC 2025
Refresh run at Thu Jun  5 03:46:46 UTC 2025
Refresh run at Fri Jun  6 03:45:36 UTC 2025
Refresh run at Sat Jun  7 03:42:41 UTC 2025
Refresh run at Sun Jun  8 03:51:43 UTC 2025
Refresh run at Mon Jun  9 03:50:50 UTC 2025
Refresh run at Tue Jun 10 03:47:20 UTC 2025
Refresh run at Wed Jun 11 03:47:24 UTC 2025
Refresh run at Thu Jun 12 03:46:35 UTC 2025
Refresh run at Fri Jun 13 03:46:55 UTC 2025
Refresh run at Sat Jun 14 03:42:37 UTC 2025
Refresh run at Sun Jun 15 03:50:52 UTC 2025
Refresh run at Mon Jun 16 03:51:36 UTC 2025
Refresh run at Tue Jun 17 03:47:23 UTC 2025
Refresh run at Wed Jun 18 03:46:54 UTC 2025
Refresh run at Thu Jun 19 03:47:20 UTC 2025
Refresh run at Fri Jun 20 03:46:24 UTC 2025
Refresh run at Sat Jun 21 03:43:56 UTC 2025
Refresh run at Sun Jun 22 03:52:12 UTC 2025
Refresh run at Mon Jun 23 03:54:23 UTC 2025
Refresh run at Tue Jun 24 03:48:41 UTC 2025
Refresh run at Wed Jun 25 03:50:10 UTC 2025
Refresh run at Thu Jun 26 03:48:27 UTC 2025
Refresh run at Fri Jun 27 03:48:56 UTC 2025
Refresh run at Sat Jun 28 03:43:29 UTC 2025
Refresh run at Sun Jun 29 03:55:39 UTC 2025
Refresh run at Mon Jun 30 03:53:41 UTC 2025
Refresh run at Tue Jul  1 03:58:38 UTC 2025
Refresh run at Wed Jul  2 03:50:17 UTC 2025
Refresh run at Thu Jul  3 03:52:22 UTC 2025
Refresh run at Fri Jul  4 03:49:22 UTC 2025
Refresh run at Sat Jul  5 03:44:58 UTC 2025
Refresh run at Sun Jul  6 03:54:20 UTC 2025
Refresh run at Mon Jul  7 03:54:13 UTC 2025
Refresh run at Tue Jul  8 03:50:22 UTC 2025
Refresh run at Wed Jul  9 03:52:39 UTC 2025
Refresh run at Thu Jul 10 03:52:06 UTC 2025
Refresh run at Fri Jul 11 03:57:42 UTC 2025
Refresh run at Sat Jul 12 03:53:03 UTC 2025
Refresh run at Sun Jul 13 03:59:03 UTC 2025
Refresh run at Mon Jul 14 04:01:39 UTC 2025
Refresh run at Tue Jul 15 03:58:41 UTC 2025
Refresh run at Wed Jul 16 03:57:35 UTC 2025
Refresh run at Thu Jul 17 03:57:04 UTC 2025
Refresh run at Fri Jul 18 03:59:01 UTC 2025
Refresh run at Sat Jul 19 03:52:10 UTC 2025
Refresh run at Sun Jul 20 04:04:11 UTC 2025
Refresh run at Mon Jul 21 04:03:53 UTC 2025
Refresh run at Tue Jul 22 03:58:59 UTC 2025
Refresh run at Wed Jul 23 04:00:19 UTC 2025
Refresh run at Thu Jul 24 03:59:19 UTC 2025
Refresh run at Fri Jul 25 03:58:56 UTC 2025
Refresh run at Sat Jul 26 03:57:11 UTC 2025
Refresh run at Sun Jul 27 04:05:13 UTC 2025
Refresh run at Mon Jul 28 04:05:23 UTC 2025
Refresh run at Tue Jul 29 04:06:30 UTC 2025
Refresh run at Wed Jul 30 04:03:42 UTC 2025
Refresh run at Thu Jul 31 04:02:47 UTC 2025
Refresh run at Fri Aug  1 04:13:02 UTC 2025
Refresh run at Sat Aug  2 03:55:27 UTC 2025
Refresh run at Sun Aug  3 04:08:27 UTC 2025
Refresh run at Mon Aug  4 04:14:26 UTC 2025
Refresh run at Tue Aug  5 04:07:28 UTC 2025
Refresh run at Wed Aug  6 04:04:56 UTC 2025
Refresh run at Thu Aug  7 04:04:40 UTC 2025
Refresh run at Fri Aug  8 04:04:15 UTC 2025
Refresh run at Sat Aug  9 03:50:14 UTC 2025
Refresh run at Sun Aug 10 04:03:02 UTC 2025
Refresh run at Mon Aug 11 04:04:03 UTC 2025
Refresh run at Tue Aug 12 03:48:21 UTC 2025
Refresh run at Wed Aug 13 03:50:11 UTC 2025
Refresh run at Thu Aug 14 03:50:55 UTC 2025
Refresh run at Fri Aug 15 03:51:41 UTC 2025
Refresh run at Sat Aug 16 03:45:00 UTC 2025
Refresh run at Sun Aug 17 03:53:54 UTC 2025
Refresh run at Mon Aug 18 04:00:13 UTC 2025
Refresh run at Tue Aug 19 03:41:01 UTC 2025
Refresh run at Wed Aug 20 03:39:53 UTC 2025
Refresh run at Thu Aug 21 03:39:11 UTC 2025
Refresh run at Fri Aug 22 03:39:45 UTC 2025
Refresh run at Sat Aug 23 03:34:12 UTC 2025
Refresh run at Sun Aug 24 03:46:57 UTC 2025
Refresh run at Mon Aug 25 03:46:28 UTC 2025
Refresh run at Tue Aug 26 03:40:50 UTC 2025
Refresh run at Wed Aug 27 03:33:50 UTC 2025
Refresh run at Thu Aug 28 03:34:12 UTC 2025
Refresh run at Fri Aug 29 03:33:41 UTC 2025
Refresh run at Sat Aug 30 03:28:31 UTC 2025
Refresh run at Sun Aug 31 03:36:16 UTC 2025
Refresh run at Mon Sep  1 03:50:34 UTC 2025
Refresh run at Tue Sep  2 03:37:56 UTC 2025
Refresh run at Wed Sep  3 03:26:19 UTC 2025
Refresh run at Thu Sep  4 03:27:02 UTC 2025
Refresh run at Fri Sep  5 03:29:48 UTC 2025
Refresh run at Sat Sep  6 03:25:56 UTC 2025
Refresh run at Sun Sep  7 03:32:15 UTC 2025
Refresh run at Mon Sep  8 03:37:38 UTC 2025
Refresh run at Tue Sep  9 03:32:41 UTC 2025
Refresh run at Wed Sep 10 03:26:32 UTC 2025
Refresh run at Thu Sep 11 03:31:33 UTC 2025
Refresh run at Fri Sep 12 03:26:18 UTC 2025
Refresh run at Sat Sep 13 03:20:17 UTC 2025
Refresh run at Sun Sep 14 03:31:58 UTC 2025
Refresh run at Mon Sep 15 03:38:39 UTC 2025
Refresh run at Tue Sep 16 03:28:41 UTC 2025
Refresh run at Wed Sep 17 03:26:59 UTC 2025
Refresh run at Thu Sep 18 03:29:19 UTC 2025
Refresh run at Fri Sep 19 03:31:52 UTC 2025
Refresh run at Sat Sep 20 03:26:41 UTC 2025
Refresh run at Sun Sep 21 03:37:17 UTC 2025
Refresh run at Mon Sep 22 03:37:57 UTC 2025
Refresh run at Tue Sep 23 03:29:36 UTC 2025
Refresh run at Wed Sep 24 03:30:17 UTC 2025
Refresh run at Thu Sep 25 03:33:10 UTC 2025
Refresh run at Fri Sep 26 03:30:44 UTC 2025
Refresh run at Sat Sep 27 03:26:47 UTC 2025
Refresh run at Sun Sep 28 03:37:25 UTC 2025
Refresh run at Mon Sep 29 03:36:25 UTC 2025
Refresh run at Tue Sep 30 03:30:46 UTC 2025
Refresh run at Wed Oct  1 03:41:38 UTC 2025
Refresh run at Thu Oct  2 03:28:33 UTC 2025
Refresh run at Fri Oct  3 03:27:47 UTC 2025
Refresh run at Sat Oct  4 03:23:42 UTC 2025
Refresh run at Sun Oct  5 03:34:41 UTC 2025
Refresh run at Mon Oct  6 03:33:24 UTC 2025
Refresh run at Tue Oct  7 03:29:53 UTC 2025
Refresh run at Wed Oct  8 03:29:22 UTC 2025
Refresh run at Thu Oct  9 03:31:36 UTC 2025
Refresh run at Fri Oct 10 03:31:56 UTC 2025
Refresh run at Sat Oct 11 03:26:00 UTC 2025
Refresh run at Sun Oct 12 03:32:38 UTC 2025
Refresh run at Mon Oct 13 03:41:28 UTC 2025
Refresh run at Tue Oct 14 03:32:34 UTC 2025
Refresh run at Wed Oct 15 03:35:53 UTC 2025
Refresh run at Thu Oct 16 03:35:43 UTC 2025
Refresh run at Fri Oct 17 03:33:02 UTC 2025
Refresh run at Sat Oct 18 03:27:22 UTC 2025
Refresh run at Sun Oct 19 03:44:27 UTC 2025
Refresh run at Mon Oct 20 03:47:12 UTC 2025
Refresh run at Tue Oct 21 03:37:27 UTC 2025
Refresh run at Wed Oct 22 03:42:59 UTC 2025
Refresh run at Thu Oct 23 03:35:09 UTC 2025
Refresh run at Fri Oct 24 03:32:15 UTC 2025
Refresh run at Sat Oct 25 03:33:54 UTC 2025
Refresh run at Sun Oct 26 03:40:09 UTC 2025
Refresh run at Mon Oct 27 03:50:49 UTC 2025
Refresh run at Tue Oct 28 03:40:12 UTC 2025
Refresh run at Wed Oct 29 03:46:49 UTC 2025
Refresh run at Thu Oct 30 03:41:57 UTC 2025
Refresh run at Fri Oct 31 03:43:13 UTC 2025
Refresh run at Sat Nov  1 03:41:48 UTC 2025
Refresh run at Sun Nov  2 03:44:53 UTC 2025
Refresh run at Mon Nov  3 03:49:36 UTC 2025
Refresh run at Tue Nov  4 03:41:37 UTC 2025
Refresh run at Wed Nov  5 03:43:10 UTC 2025
Refresh run at Thu Nov  6 03:46:57 UTC 2025
Refresh run at Fri Nov  7 03:42:48 UTC 2025
Refresh run at Sat Nov  8 03:34:34 UTC 2025
Refresh run at Sun Nov  9 03:42:55 UTC 2025
Refresh run at Mon Nov 10 03:49:33 UTC 2025
Refresh run at Tue Nov 11 03:45:00 UTC 2025
Refresh run at Wed Nov 12 03:43:53 UTC 2025
Refresh run at Thu Nov 13 03:46:37 UTC 2025
Refresh run at Fri Nov 14 03:44:16 UTC 2025
Refresh run at Sat Nov 15 03:38:56 UTC 2025
Refresh run at Sun Nov 16 03:48:14 UTC 2025
Refresh run at Mon Nov 17 03:48:24 UTC 2025
Refresh run at Tue Nov 18 03:44:08 UTC 2025
Refresh run at Wed Nov 19 03:43:42 UTC 2025
Refresh run at Thu Nov 20 03:42:57 UTC 2025
Refresh run at Fri Nov 21 03:42:27 UTC 2025
Refresh run at Sat Nov 22 03:36:53 UTC 2025
Refresh run at Sun Nov 23 03:55:58 UTC 2025
Refresh run at Mon Nov 24 03:55:44 UTC 2025
Refresh run at Tue Nov 25 03:47:55 UTC 2025
Refresh run at Wed Nov 26 03:47:15 UTC 2025
Refresh run at Thu Nov 27 03:44:36 UTC 2025
Refresh run at Fri Nov 28 03:44:23 UTC 2025
Refresh run at Sat Nov 29 03:44:18 UTC 2025
Refresh run at Sun Nov 30 03:56:06 UTC 2025
Refresh run at Mon Dec  1 04:09:36 UTC 2025
Refresh run at Tue Dec  2 03:51:28 UTC 2025
Refresh run at Wed Dec  3 03:50:27 UTC 2025
Refresh run at Thu Dec  4 03:51:41 UTC 2025
Refresh run at Fri Dec  5 03:50:33 UTC 2025
Refresh run at Sat Dec  6 03:41:53 UTC 2025
Refresh run at Sun Dec  7 03:56:14 UTC 2025
Refresh run at Mon Dec  8 03:54:39 UTC 2025
